// Jest Snapshot v1, https://goo.gl/fbAQLP

exports[`ProducTitle Debe de mostrar el componente con el nombre del producto 1`] = `
<div
  className="productCard undefined"
>
  <span
    className="productDescription undefined"
  >
    Coffee Mug - Sin im√°gen
  </span>
</div>
`;

exports[`ProducTitle Debe de mostrar el componente correctamente con el titulo personalizado 1`] = `
<span
  className="productDescription custom-class"
>
  Titulo personalizado
</span>
`;
